// Jest Snapshot v1, https://goo.gl/fbAQLP

exports[`sourceNodes complex types import all types correctly 1`] = `
Array [
  Object {
    "children": Array [],
    "elements": Array [
      Object {
        "codename": "profile_photo",
        "name": "Profile Photo",
        "type": "asset",
      },
      Object {
        "codename": "friends",
        "name": "Friends",
        "type": "modular_content",
      },
      Object {
        "codename": "category",
        "name": "Category",
        "taxonomy_group": "category",
        "type": "taxonomy",
      },
      Object {
        "codename": "custom_element",
        "name": "custom element",
        "type": "custom",
      },
      Object {
        "codename": "bio",
        "name": "Bio",
        "type": "rich_text",
      },
      Object {
        "codename": "name_and_surname",
        "name": "Name and Surname",
        "type": "text",
      },
      Object {
        "codename": "gender",
        "name": "Gender",
        "options": Array [
          Object {
            "codename": "man",
            "name": "Man",
          },
          Object {
            "codename": "woman",
            "name": "Woman",
          },
          Object {
            "codename": "other",
            "name": "Other",
          },
        ],
        "type": "multiple_choice",
      },
      Object {
        "codename": "favorite_number",
        "name": "Favorite Number",
        "type": "number",
      },
      Object {
        "codename": "url_slug",
        "name": "URL slug",
        "type": "url_slug",
      },
      Object {
        "codename": "date_of_birth",
        "name": "Date of Birth",
        "type": "date_time",
      },
    ],
    "id": "dummyId-kontent_type_person",
    "internal": Object {
      "contentDigest": "358dfd89e48ae7c223d32a3943f343af",
      "type": "kontent_type",
    },
    "system": Object {
      "codename": "person",
      "id": "081a7b99-575d-473c-9cd0-67094803da73",
      "last_modified": "2020-03-17T10:59:15.7647305Z",
      "name": "Person",
    },
  },
  Object {
    "children": Array [],
    "elements": Array [
      Object {
        "codename": "description",
        "name": "Description",
        "type": "custom",
      },
      Object {
        "codename": "name",
        "name": "Name",
        "type": "text",
      },
      Object {
        "codename": "url",
        "name": "URL",
        "type": "text",
      },
    ],
    "id": "dummyId-kontent_type_repository",
    "internal": Object {
      "contentDigest": "681b4d4d1954461316054c827e853aaf",
      "type": "kontent_type",
    },
    "system": Object {
      "codename": "repository",
      "id": "c88be77c-83a6-4839-855f-66c28f624d1d",
      "last_modified": "2019-04-01T18:29:04.7184530Z",
      "name": "Repository",
    },
  },
  Object {
    "children": Array [],
    "elements": Array [
      Object {
        "codename": "summary",
        "name": "Summary",
        "type": "rich_text",
      },
      Object {
        "codename": "name",
        "name": "Name",
        "type": "text",
      },
      Object {
        "codename": "assets",
        "name": "Assets",
        "type": "asset",
      },
      Object {
        "codename": "excercise",
        "name": "Excercise",
        "type": "rich_text",
      },
      Object {
        "codename": "agenda",
        "name": "Agenda",
        "type": "modular_content",
      },
      Object {
        "codename": "checklist",
        "name": "Checklist",
        "options": Array [
          Object {
            "codename": "training_sessions_scheduled",
            "name": "Training sessions scheduled",
          },
          Object {
            "codename": "training_rooms_reserved",
            "name": "Training rooms reserved",
          },
          Object {
            "codename": "presentations_and_files_proofread",
            "name": "Presentations and files proofread",
          },
          Object {
            "codename": "introduction_and_supporting_files_uploaded",
            "name": "Introduction and supporting files uploaded",
          },
          Object {
            "codename": "start_code_files_and_final_code_files_uploaded",
            "name": "START code files and FINAL code files uploaded",
          },
          Object {
            "codename": "exercise_step_by_step_instructions_added",
            "name": "Exercise step-by-step instructions added",
          },
          Object {
            "codename": "training_session_tagged_in_confluence",
            "name": "Training session tagged in Confluence",
          },
        ],
        "type": "multiple_choice",
      },
      Object {
        "codename": "presenter",
        "name": "Presenter",
        "type": "modular_content",
      },
    ],
    "id": "dummyId-kontent_type_session",
    "internal": Object {
      "contentDigest": "e6132a453367640f1229b0629120d319",
      "type": "kontent_type",
    },
    "system": Object {
      "codename": "session",
      "id": "9dfcd879-0d06-45ca-9b2c-67fd9c6e3b34",
      "last_modified": "2019-04-01T18:40:04.7086396Z",
      "name": "Session",
    },
  },
  Object {
    "children": Array [],
    "elements": Array [
      Object {
        "codename": "text",
        "name": "Text",
        "type": "rich_text",
      },
    ],
    "id": "dummyId-kontent_type_step",
    "internal": Object {
      "contentDigest": "16619b1849fc9cbc2f7bd93b30e6219c",
      "type": "kontent_type",
    },
    "system": Object {
      "codename": "step",
      "id": "c4b8e601-77f5-4535-b522-8b38db55873e",
      "last_modified": "2019-04-01T18:40:11.1952697Z",
      "name": "Step",
    },
  },
  Object {
    "children": Array [],
    "elements": Array [
      Object {
        "codename": "author",
        "name": "Author",
        "type": "modular_content",
      },
      Object {
        "codename": "name",
        "name": "Name",
        "type": "text",
      },
      Object {
        "codename": "sessions",
        "name": "Sessions",
        "type": "modular_content",
      },
      Object {
        "codename": "description",
        "name": "Description",
        "type": "rich_text",
      },
    ],
    "id": "dummyId-kontent_type_training",
    "internal": Object {
      "contentDigest": "0c9dc4b6daa8afcc390a192124de9442",
      "type": "kontent_type",
    },
    "system": Object {
      "codename": "training",
      "id": "d4cf750f-61d3-4782-bf9c-b7184b7b2fc3",
      "last_modified": "2019-04-01T18:44:00.4246990Z",
      "name": "Training",
    },
  },
  Object {
    "children": Array [],
    "elements": Array [
      Object {
        "codename": "url",
        "name": "URL",
        "type": "text",
      },
      Object {
        "codename": "name",
        "name": "Name",
        "type": "text",
      },
      Object {
        "codename": "description",
        "name": "Description",
        "type": "rich_text",
      },
    ],
    "id": "dummyId-kontent_type_website",
    "internal": Object {
      "contentDigest": "190c93492e9939118744998368beaffe",
      "type": "kontent_type",
    },
    "system": Object {
      "codename": "website",
      "id": "aeabe925-9221-4fb2-bc3a-2a91abc904fd",
      "last_modified": "2019-04-01T18:33:45.0353591Z",
      "name": "Website",
    },
  },
]
`;
